2026-03-21T00:03:42.050-06:00  INFO 21980 --- [back] [main] com.pueblahealth.back.BackApplication    : Starting BackApplication using Java 24.0.1 with PID 21980 (C:\Users\vidit\Documents\utvco\ING\C8\SDA\PUEBLAHealth Tech\back\target\classes started by vidit in C:\Users\vidit\Documents\utvco\ING\C8\SDA\PUEBLAHealth Tech\back)
2026-03-21T00:03:42.062-06:00 DEBUG 21980 --- [back] [main] com.pueblahealth.back.BackApplication    : Running with Spring Boot v4.0.3, Spring v7.0.5
2026-03-21T00:03:42.062-06:00  INFO 21980 --- [back] [main] com.pueblahealth.back.BackApplication    : No active profile set, falling back to 1 default profile: "default"
2026-03-21T00:03:43.032-06:00  INFO 21980 --- [back] [main] .s.d.r.c.RepositoryConfigurationDelegate : Bootstrapping Spring Data JPA repositories in DEFAULT mode.
2026-03-21T00:03:43.107-06:00  INFO 21980 --- [back] [main] .s.d.r.c.RepositoryConfigurationDelegate : Finished Spring Data repository scanning in 63 ms. Found 3 JPA repository interfaces.
2026-03-21T00:03:43.847-06:00  INFO 21980 --- [back] [main] o.s.boot.tomcat.TomcatWebServer          : Tomcat initialized with port 8080 (http)
2026-03-21T00:03:43.866-06:00  INFO 21980 --- [back] [main] o.apache.catalina.core.StandardService   : Starting service [Tomcat]
2026-03-21T00:03:43.866-06:00  INFO 21980 --- [back] [main] o.apache.catalina.core.StandardEngine    : Starting Servlet engine: [Apache Tomcat/11.0.18]
2026-03-21T00:03:43.941-06:00  INFO 21980 --- [back] [main] b.w.c.s.WebApplicationContextInitializer : Root WebApplicationContext: initialization completed in 1817 ms
2026-03-21T00:03:44.200-06:00  INFO 21980 --- [back] [main] org.hibernate.orm.jpa                    : HHH008540: Processing PersistenceUnitInfo [name: default]
2026-03-21T00:03:44.276-06:00  INFO 21980 --- [back] [main] org.hibernate.orm.core                   : HHH000001: Hibernate ORM core version 7.2.4.Final
2026-03-21T00:03:44.886-06:00  INFO 21980 --- [back] [main] o.s.o.j.p.SpringPersistenceUnitInfo      : No LoadTimeWeaver setup: ignoring JPA class transformer
2026-03-21T00:03:44.924-06:00  INFO 21980 --- [back] [main] com.zaxxer.hikari.HikariDataSource       : HikariPool-1 - Starting...
2026-03-21T00:03:45.384-06:00  INFO 21980 --- [back] [main] com.zaxxer.hikari.pool.HikariPool        : HikariPool-1 - Added connection com.mysql.cj.jdbc.ConnectionImpl@9763e61
2026-03-21T00:03:45.386-06:00  INFO 21980 --- [back] [main] com.zaxxer.hikari.HikariDataSource       : HikariPool-1 - Start completed.
2026-03-21T00:03:45.490-06:00  INFO 21980 --- [back] [main] org.hibernate.orm.connections.pooling    : HHH10001005: Database info:
	Database JDBC URL [jdbc:mysql://127.0.0.1:3307/pueblahealth]
	Database driver: MySQL Connector/J
	Database dialect: MySQLDialect
	Database version: 8.4
	Default catalog/schema: pueblahealth/undefined
	Autocommit mode: undefined/unknown
	Isolation level: REPEATABLE_READ [default REPEATABLE_READ]
	JDBC fetch size: none
	Pool: DataSourceConnectionProvider
	Minimum pool size: undefined/unknown
	Maximum pool size: undefined/unknown
2026-03-21T00:03:46.459-06:00  INFO 21980 --- [back] [main] org.hibernate.orm.core                   : HHH000489: No JTA platform available (set 'hibernate.transaction.jta.platform' to enable JTA platform integration)
2026-03-21T00:03:46.543-06:00  INFO 21980 --- [back] [main] j.LocalContainerEntityManagerFactoryBean : Initialized JPA EntityManagerFactory for persistence unit 'default'
2026-03-21T00:03:46.654-06:00  INFO 21980 --- [back] [main] o.s.d.j.r.query.QueryEnhancerFactories   : Hibernate is in classpath; If applicable, HQL parser will be used.
2026-03-21T00:03:46.979-06:00  WARN 21980 --- [back] [main] JpaBaseConfiguration$JpaWebConfiguration : spring.jpa.open-in-view is enabled by default. Therefore, database queries may be performed during view rendering. Explicitly configure spring.jpa.open-in-view to disable this warning
2026-03-21T00:03:47.071-06:00  WARN 21980 --- [back] [main] .s.a.UserDetailsServiceAutoConfiguration : 

Using generated security password: 51c4e84d-e154-4c04-acbe-e705dd920c4c

This generated password is for development use only. Your security configuration must be updated before running your application in production.

2026-03-21T00:03:47.081-06:00  INFO 21980 --- [back] [main] r$InitializeUserDetailsManagerConfigurer : Global AuthenticationManager configured with UserDetailsService bean with name inMemoryUserDetailsManager
2026-03-21T00:03:47.615-06:00  INFO 21980 --- [back] [main] o.s.boot.tomcat.TomcatWebServer          : Tomcat started on port 8080 (http) with context path '/'
2026-03-21T00:03:47.622-06:00  INFO 21980 --- [back] [main] com.pueblahealth.back.BackApplication    : Started BackApplication in 6.208 seconds (process running for 7.375)
2026-03-21T00:04:09.895-06:00  INFO 21980 --- [back] [http-nio-8080-exec-2] o.a.c.c.C.[Tomcat].[localhost].[/]       : Initializing Spring DispatcherServlet 'dispatcherServlet'
2026-03-21T00:04:09.896-06:00  INFO 21980 --- [back] [http-nio-8080-exec-2] o.s.web.servlet.DispatcherServlet        : Initializing Servlet 'dispatcherServlet'
2026-03-21T00:04:09.898-06:00  INFO 21980 --- [back] [http-nio-8080-exec-2] o.s.web.servlet.DispatcherServlet        : Completed initialization in 2 ms
2026-03-21T00:04:10.085-06:00  INFO 21980 --- [back] [http-nio-8080-exec-2] c.pueblahealth.back.service.AuthService  : [INFO]Intento de registro con email: cdgo345@gmail.com
2026-03-21T00:04:10.747-06:00  WARN 21980 --- [back] [http-nio-8080-exec-2] c.pueblahealth.back.service.AuthService  : [WARN]Intento de registro con email ya existente: cdgo345@gmail.com
2026-03-21T00:04:14.322-06:00  INFO 21980 --- [back] [http-nio-8080-exec-4] c.pueblahealth.back.service.AuthService  : [INFO]Intento de registro con email: cdgo345@gmail.com
2026-03-21T00:04:14.329-06:00  WARN 21980 --- [back] [http-nio-8080-exec-4] c.pueblahealth.back.service.AuthService  : [WARN]Intento de registro con email ya existente: cdgo345@gmail.com
2026-03-21T00:04:29.585-06:00  INFO 21980 --- [back] [http-nio-8080-exec-3] c.pueblahealth.back.service.AuthService  : [INFO]Intento de registro con email: cdgo345@gmail.com
2026-03-21T00:04:29.757-06:00  INFO 21980 --- [back] [http-nio-8080-exec-3] c.pueblahealth.back.service.AuthService  : [SUCCESS]Usuario registrado correctamente: cdgo345@gmail.com
2026-03-21T00:05:11.967-06:00  INFO 21980 --- [back] [http-nio-8080-exec-5] c.pueblahealth.back.service.AuthService  : [INFO]Intento de login para el usuario: cdgo345@gmail.com
2026-03-21T00:05:12.081-06:00  INFO 21980 --- [back] [http-nio-8080-exec-5] c.pueblahealth.back.service.AuthService  : [SUCCESS]Login exitoso del usuario: cdgo345@gmail.com
2026-03-21T00:07:54.440-06:00 ERROR 21980 --- [back] [http-nio-8080-exec-8] o.a.c.c.C.[.[.[/].[dispatcherServlet]    : Servlet.service() for servlet [dispatcherServlet] in context with path [] threw exception [Request processing failed: java.lang.RuntimeException: OTP expirado] with root cause

java.lang.RuntimeException: OTP expirado
	at com.pueblahealth.back.service.AuthService.verifyOtp(AuthService.java:204) ~[classes/:na]
	at java.base/jdk.internal.reflect.DirectMethodHandleAccessor.invoke(DirectMethodHandleAccessor.java:104) ~[na:na]
	at java.base/java.lang.reflect.Method.invoke(Method.java:565) ~[na:na]
	at org.springframework.aop.support.AopUtils.invokeJoinpointUsingReflection(AopUtils.java:359) ~[spring-aop-7.0.5.jar:7.0.5]
	at org.springframework.aop.framework.CglibAopProxy$DynamicAdvisedInterceptor.intercept(CglibAopProxy.java:715) ~[spring-aop-7.0.5.jar:7.0.5]
	at com.pueblahealth.back.service.AuthService$$SpringCGLIB$$0.verifyOtp(<generated>) ~[classes/:na]
	at com.pueblahealth.back.controller.AuthController.verifyOtp(AuthController.java:36) ~[classes/:na]
	at java.base/jdk.internal.reflect.DirectMethodHandleAccessor.invoke(DirectMethodHandleAccessor.java:104) ~[na:na]
	at java.base/java.lang.reflect.Method.invoke(Method.java:565) ~[na:na]
	at org.springframework.web.method.support.InvocableHandlerMethod.doInvoke(InvocableHandlerMethod.java:252) ~[spring-web-7.0.5.jar:7.0.5]
	at org.springframework.web.method.support.InvocableHandlerMethod.invokeForRequest(InvocableHandlerMethod.java:184) ~[spring-web-7.0.5.jar:7.0.5]
	at org.springframework.web.servlet.mvc.method.annotation.ServletInvocableHandlerMethod.invokeAndHandle(ServletInvocableHandlerMethod.java:117) ~[spring-webmvc-7.0.5.jar:7.0.5]
	at org.springframework.web.servlet.mvc.method.annotation.RequestMappingHandlerAdapter.invokeHandlerMethod(RequestMappingHandlerAdapter.java:934) ~[spring-webmvc-7.0.5.jar:7.0.5]
	at org.springframework.web.servlet.mvc.method.annotation.RequestMappingHandlerAdapter.handleInternal(RequestMappingHandlerAdapter.java:853) ~[spring-webmvc-7.0.5.jar:7.0.5]
	at org.springframework.web.servlet.mvc.method.AbstractHandlerMethodAdapter.handle(AbstractHandlerMethodAdapter.java:86) ~[spring-webmvc-7.0.5.jar:7.0.5]
	at org.springframework.web.servlet.DispatcherServlet.doDispatch(DispatcherServlet.java:963) ~[spring-webmvc-7.0.5.jar:7.0.5]
	at org.springframework.web.servlet.DispatcherServlet.doService(DispatcherServlet.java:866) ~[spring-webmvc-7.0.5.jar:7.0.5]
	at org.springframework.web.servlet.FrameworkServlet.processRequest(FrameworkServlet.java:1000) ~[spring-webmvc-7.0.5.jar:7.0.5]
	at org.springframework.web.servlet.FrameworkServlet.doPost(FrameworkServlet.java:903) ~[spring-webmvc-7.0.5.jar:7.0.5]
	at jakarta.servlet.http.HttpServlet.service(HttpServlet.java:649) ~[tomcat-embed-core-11.0.18.jar:6.1]
	at org.springframework.web.servlet.FrameworkServlet.service(FrameworkServlet.java:874) ~[spring-webmvc-7.0.5.jar:7.0.5]
	at jakarta.servlet.http.HttpServlet.service(HttpServlet.java:710) ~[tomcat-embed-core-11.0.18.jar:6.1]
	at org.apache.catalina.core.ApplicationFilterChain.doFilter(ApplicationFilterChain.java:128) ~[tomcat-embed-core-11.0.18.jar:11.0.18]
	at org.apache.tomcat.websocket.server.WsFilter.doFilter(WsFilter.java:53) ~[tomcat-embed-websocket-11.0.18.jar:11.0.18]
	at org.apache.catalina.core.ApplicationFilterChain.doFilter(ApplicationFilterChain.java:107) ~[tomcat-embed-core-11.0.18.jar:11.0.18]
	at org.springframework.web.filter.CompositeFilter$VirtualFilterChain.doFilter(CompositeFilter.java:108) ~[spring-web-7.0.5.jar:7.0.5]
	at org.springframework.security.web.FilterChainProxy.lambda$doFilterInternal$3(FilterChainProxy.java:235) ~[spring-security-web-7.0.3.jar:7.0.3]
	at org.springframework.security.web.FilterChainProxy$VirtualFilterChain.doFilter(FilterChainProxy.java:371) ~[spring-security-web-7.0.3.jar:7.0.3]
	at org.springframework.security.web.access.intercept.AuthorizationFilter.doFilter(AuthorizationFilter.java:101) ~[spring-security-web-7.0.3.jar:7.0.3]
	at org.springframework.security.web.FilterChainProxy$VirtualFilterChain.doFilter(FilterChainProxy.java:380) ~[spring-security-web-7.0.3.jar:7.0.3]
	at org.springframework.security.web.access.ExceptionTranslationFilter.doFilter(ExceptionTranslationFilter.java:126) ~[spring-security-web-7.0.3.jar:7.0.3]
	at org.springframework.security.web.access.ExceptionTranslationFilter.doFilter(ExceptionTranslationFilter.java:120) ~[spring-security-web-7.0.3.jar:7.0.3]
	at org.springframework.security.web.FilterChainProxy$VirtualFilterChain.doFilter(FilterChainProxy.java:380) ~[spring-security-web-7.0.3.jar:7.0.3]
	at org.springframework.security.web.authentication.AnonymousAuthenticationFilter.doFilter(AnonymousAuthenticationFilter.java:100) ~[spring-security-web-7.0.3.jar:7.0.3]
	at org.springframework.security.web.FilterChainProxy$VirtualFilterChain.doFilter(FilterChainProxy.java:380) ~[spring-security-web-7.0.3.jar:7.0.3]
	at org.springframework.security.web.servletapi.SecurityContextHolderAwareRequestFilter.doFilter(SecurityContextHolderAwareRequestFilter.java:181) ~[spring-security-web-7.0.3.jar:7.0.3]
	at org.springframework.security.web.FilterChainProxy$VirtualFilterChain.doFilter(FilterChainProxy.java:380) ~[spring-security-web-7.0.3.jar:7.0.3]
	at org.springframework.security.web.savedrequest.RequestCacheAwareFilter.doFilter(RequestCacheAwareFilter.java:63) ~[spring-security-web-7.0.3.jar:7.0.3]
	at org.springframework.security.web.FilterChainProxy$VirtualFilterChain.doFilter(FilterChainProxy.java:380) ~[spring-security-web-7.0.3.jar:7.0.3]
	at org.springframework.security.web.authentication.logout.LogoutFilter.doFilter(LogoutFilter.java:110) ~[spring-security-web-7.0.3.jar:7.0.3]
	at org.springframework.security.web.authentication.logout.LogoutFilter.doFilter(LogoutFilter.java:96) ~[spring-security-web-7.0.3.jar:7.0.3]
	at org.springframework.security.web.FilterChainProxy$VirtualFilterChain.doFilter(FilterChainProxy.java:380) ~[spring-security-web-7.0.3.jar:7.0.3]
	at org.springframework.security.web.header.HeaderWriterFilter.doHeadersAfter(HeaderWriterFilter.java:90) ~[spring-security-web-7.0.3.jar:7.0.3]
	at org.springframework.security.web.header.HeaderWriterFilter.doFilterInternal(HeaderWriterFilter.java:75) ~[spring-security-web-7.0.3.jar:7.0.3]
	at org.springframework.web.filter.OncePerRequestFilter.doFilter(OncePerRequestFilter.java:116) ~[spring-web-7.0.5.jar:7.0.5]
	at org.springframework.security.web.FilterChainProxy$VirtualFilterChain.doFilter(FilterChainProxy.java:380) ~[spring-security-web-7.0.3.jar:7.0.3]
	at org.springframework.security.web.context.SecurityContextHolderFilter.doFilter(SecurityContextHolderFilter.java:82) ~[spring-security-web-7.0.3.jar:7.0.3]
	at org.springframework.security.web.context.SecurityContextHolderFilter.doFilter(SecurityContextHolderFilter.java:69) ~[spring-security-web-7.0.3.jar:7.0.3]
	at org.springframework.security.web.FilterChainProxy$VirtualFilterChain.doFilter(FilterChainProxy.java:380) ~[spring-security-web-7.0.3.jar:7.0.3]
	at org.springframework.security.web.context.request.async.WebAsyncManagerIntegrationFilter.doFilterInternal(WebAsyncManagerIntegrationFilter.java:62) ~[spring-security-web-7.0.3.jar:7.0.3]
	at org.springframework.web.filter.OncePerRequestFilter.doFilter(OncePerRequestFilter.java:116) ~[spring-web-7.0.5.jar:7.0.5]
	at org.springframework.security.web.FilterChainProxy$VirtualFilterChain.doFilter(FilterChainProxy.java:380) ~[spring-security-web-7.0.3.jar:7.0.3]
	at org.springframework.security.web.session.DisableEncodeUrlFilter.doFilterInternal(DisableEncodeUrlFilter.java:42) ~[spring-security-web-7.0.3.jar:7.0.3]
	at org.springframework.web.filter.OncePerRequestFilter.doFilter(OncePerRequestFilter.java:116) ~[spring-web-7.0.5.jar:7.0.5]
	at org.springframework.security.web.FilterChainProxy$VirtualFilterChain.doFilter(FilterChainProxy.java:380) ~[spring-security-web-7.0.3.jar:7.0.3]
	at org.springframework.security.web.FilterChainProxy.doFilterInternal(FilterChainProxy.java:237) ~[spring-security-web-7.0.3.jar:7.0.3]
	at org.springframework.security.web.FilterChainProxy.doFilter(FilterChainProxy.java:195) ~[spring-security-web-7.0.3.jar:7.0.3]
	at org.springframework.web.filter.CompositeFilter$VirtualFilterChain.doFilter(CompositeFilter.java:113) ~[spring-web-7.0.5.jar:7.0.5]
	at org.springframework.web.filter.ServletRequestPathFilter.doFilter(ServletRequestPathFilter.java:52) ~[spring-web-7.0.5.jar:7.0.5]
	at org.springframework.web.filter.CompositeFilter$VirtualFilterChain.doFilter(CompositeFilter.java:113) ~[spring-web-7.0.5.jar:7.0.5]
	at org.springframework.web.filter.CompositeFilter.doFilter(CompositeFilter.java:74) ~[spring-web-7.0.5.jar:7.0.5]
	at org.springframework.security.config.annotation.web.configuration.WebSecurityConfiguration$CompositeFilterChainProxy.doFilter(WebSecurityConfiguration.java:317) ~[spring-security-config-7.0.3.jar:7.0.3]
	at org.springframework.web.filter.DelegatingFilterProxy.invokeDelegate(DelegatingFilterProxy.java:355) ~[spring-web-7.0.5.jar:7.0.5]
	at org.springframework.web.filter.DelegatingFilterProxy.doFilter(DelegatingFilterProxy.java:272) ~[spring-web-7.0.5.jar:7.0.5]
	at org.apache.catalina.core.ApplicationFilterChain.doFilter(ApplicationFilterChain.java:107) ~[tomcat-embed-core-11.0.18.jar:11.0.18]
	at org.springframework.web.filter.RequestContextFilter.doFilterInternal(RequestContextFilter.java:100) ~[spring-web-7.0.5.jar:7.0.5]
	at org.springframework.web.filter.OncePerRequestFilter.doFilter(OncePerRequestFilter.java:116) ~[spring-web-7.0.5.jar:7.0.5]
	at org.apache.catalina.core.ApplicationFilterChain.doFilter(ApplicationFilterChain.java:107) ~[tomcat-embed-core-11.0.18.jar:11.0.18]
	at org.springframework.web.filter.FormContentFilter.doFilterInternal(FormContentFilter.java:93) ~[spring-web-7.0.5.jar:7.0.5]
	at org.springframework.web.filter.OncePerRequestFilter.doFilter(OncePerRequestFilter.java:116) ~[spring-web-7.0.5.jar:7.0.5]
	at org.apache.catalina.core.ApplicationFilterChain.doFilter(ApplicationFilterChain.java:107) ~[tomcat-embed-core-11.0.18.jar:11.0.18]
	at org.springframework.web.filter.CharacterEncodingFilter.doFilterInternal(CharacterEncodingFilter.java:199) ~[spring-web-7.0.5.jar:7.0.5]
	at org.springframework.web.filter.OncePerRequestFilter.doFilter(OncePerRequestFilter.java:116) ~[spring-web-7.0.5.jar:7.0.5]
	at org.apache.catalina.core.ApplicationFilterChain.doFilter(ApplicationFilterChain.java:107) ~[tomcat-embed-core-11.0.18.jar:11.0.18]
	at org.apache.catalina.core.StandardWrapperValve.invoke(StandardWrapperValve.java:165) ~[tomcat-embed-core-11.0.18.jar:11.0.18]
	at org.apache.catalina.core.StandardContextValve.invoke(StandardContextValve.java:77) ~[tomcat-embed-core-11.0.18.jar:11.0.18]
	at org.apache.catalina.authenticator.AuthenticatorBase.invoke(AuthenticatorBase.java:492) ~[tomcat-embed-core-11.0.18.jar:11.0.18]
	at org.apache.catalina.core.StandardHostValve.invoke(StandardHostValve.java:113) ~[tomcat-embed-core-11.0.18.jar:11.0.18]
	at org.apache.catalina.valves.ErrorReportValve.invoke(ErrorReportValve.java:83) ~[tomcat-embed-core-11.0.18.jar:11.0.18]
	at org.apache.catalina.core.StandardEngineValve.invoke(StandardEngineValve.java:72) ~[tomcat-embed-core-11.0.18.jar:11.0.18]
	at org.apache.catalina.connector.CoyoteAdapter.service(CoyoteAdapter.java:341) ~[tomcat-embed-core-11.0.18.jar:11.0.18]
	at org.apache.coyote.http11.Http11Processor.service(Http11Processor.java:397) ~[tomcat-embed-core-11.0.18.jar:11.0.18]
	at org.apache.coyote.AbstractProcessorLight.process(AbstractProcessorLight.java:63) ~[tomcat-embed-core-11.0.18.jar:11.0.18]
	at org.apache.coyote.AbstractProtocol$ConnectionHandler.process(AbstractProtocol.java:903) ~[tomcat-embed-core-11.0.18.jar:11.0.18]
	at org.apache.tomcat.util.net.NioEndpoint$SocketProcessor.doRun(NioEndpoint.java:1779) ~[tomcat-embed-core-11.0.18.jar:11.0.18]
	at org.apache.tomcat.util.net.SocketProcessorBase.run(SocketProcessorBase.java:52) ~[tomcat-embed-core-11.0.18.jar:11.0.18]
	at org.apache.tomcat.util.threads.ThreadPoolExecutor.runWorker(ThreadPoolExecutor.java:946) ~[tomcat-embed-core-11.0.18.jar:11.0.18]
	at org.apache.tomcat.util.threads.ThreadPoolExecutor$Worker.run(ThreadPoolExecutor.java:480) ~[tomcat-embed-core-11.0.18.jar:11.0.18]
	at org.apache.tomcat.util.threads.TaskThread$WrappingRunnable.run(TaskThread.java:57) ~[tomcat-embed-core-11.0.18.jar:11.0.18]
	at java.base/java.lang.Thread.run(Thread.java:1447) ~[na:na]

2026-03-21T00:08:50.844-06:00  INFO 21980 --- [back] [http-nio-8080-exec-9] c.pueblahealth.back.service.AuthService  : [INFO]Intento de login para el usuario: cdgo345@gmail.com
2026-03-21T00:08:50.937-06:00  INFO 21980 --- [back] [http-nio-8080-exec-9] c.pueblahealth.back.service.AuthService  : [SUCCESS]Login exitoso del usuario: cdgo345@gmail.com
2026-03-21T00:16:32.543-06:00  INFO 21980 --- [back] [SpringApplicationShutdownHook] o.s.boot.tomcat.GracefulShutdown         : Commencing graceful shutdown. Waiting for active requests to complete
2026-03-21T00:16:32.567-06:00  INFO 21980 --- [back] [tomcat-shutdown] o.s.boot.tomcat.GracefulShutdown         : Graceful shutdown complete
2026-03-21T00:16:32.591-06:00  INFO 21980 --- [back] [SpringApplicationShutdownHook] j.LocalContainerEntityManagerFactoryBean : Closing JPA EntityManagerFactory for persistence unit 'default'
2026-03-21T00:16:32.616-06:00  INFO 21980 --- [back] [SpringApplicationShutdownHook] com.zaxxer.hikari.HikariDataSource       : HikariPool-1 - Shutdown initiated...
2026-03-21T00:16:32.633-06:00  INFO 21980 --- [back] [SpringApplicationShutdownHook] com.zaxxer.hikari.HikariDataSource       : HikariPool-1 - Shutdown completed.
2026-03-21T00:16:37.264-06:00  INFO 9680 --- [back] [main] com.pueblahealth.back.BackApplication    : Starting BackApplication using Java 24.0.1 with PID 9680 (C:\Users\vidit\Documents\utvco\ING\C8\SDA\PUEBLAHealth Tech\back\target\classes started by vidit in C:\Users\vidit\Documents\utvco\ING\C8\SDA\PUEBLAHealth Tech\back)
2026-03-21T00:16:37.267-06:00 DEBUG 9680 --- [back] [main] com.pueblahealth.back.BackApplication    : Running with Spring Boot v4.0.3, Spring v7.0.5
2026-03-21T00:16:37.267-06:00  INFO 9680 --- [back] [main] com.pueblahealth.back.BackApplication    : No active profile set, falling back to 1 default profile: "default"
2026-03-21T00:16:38.264-06:00  INFO 9680 --- [back] [main] .s.d.r.c.RepositoryConfigurationDelegate : Bootstrapping Spring Data JPA repositories in DEFAULT mode.
2026-03-21T00:16:38.341-06:00  INFO 9680 --- [back] [main] .s.d.r.c.RepositoryConfigurationDelegate : Finished Spring Data repository scanning in 66 ms. Found 3 JPA repository interfaces.
2026-03-21T00:16:39.063-06:00  INFO 9680 --- [back] [main] o.s.boot.tomcat.TomcatWebServer          : Tomcat initialized with port 8080 (http)
2026-03-21T00:16:39.078-06:00  INFO 9680 --- [back] [main] o.apache.catalina.core.StandardService   : Starting service [Tomcat]
2026-03-21T00:16:39.078-06:00  INFO 9680 --- [back] [main] o.apache.catalina.core.StandardEngine    : Starting Servlet engine: [Apache Tomcat/11.0.18]
2026-03-21T00:16:39.135-06:00  INFO 9680 --- [back] [main] b.w.c.s.WebApplicationContextInitializer : Root WebApplicationContext: initialization completed in 1813 ms
2026-03-21T00:16:39.395-06:00  INFO 9680 --- [back] [main] org.hibernate.orm.jpa                    : HHH008540: Processing PersistenceUnitInfo [name: default]
2026-03-21T00:16:39.471-06:00  INFO 9680 --- [back] [main] org.hibernate.orm.core                   : HHH000001: Hibernate ORM core version 7.2.4.Final
2026-03-21T00:16:40.068-06:00  INFO 9680 --- [back] [main] o.s.o.j.p.SpringPersistenceUnitInfo      : No LoadTimeWeaver setup: ignoring JPA class transformer
2026-03-21T00:16:40.107-06:00  INFO 9680 --- [back] [main] com.zaxxer.hikari.HikariDataSource       : HikariPool-1 - Starting...
2026-03-21T00:16:41.344-06:00  INFO 9680 --- [back] [main] com.zaxxer.hikari.pool.HikariPool        : HikariPool-1 - Added connection com.mysql.cj.jdbc.ConnectionImpl@4a6ef712
2026-03-21T00:16:41.346-06:00  INFO 9680 --- [back] [main] com.zaxxer.hikari.HikariDataSource       : HikariPool-1 - Start completed.
2026-03-21T00:16:41.471-06:00  INFO 9680 --- [back] [main] org.hibernate.orm.connections.pooling    : HHH10001005: Database info:
	Database JDBC URL [jdbc:mysql://127.0.0.1:3307/pueblahealth]
	Database driver: MySQL Connector/J
	Database dialect: MySQLDialect
	Database version: 8.4
	Default catalog/schema: pueblahealth/undefined
	Autocommit mode: undefined/unknown
	Isolation level: REPEATABLE_READ [default REPEATABLE_READ]
	JDBC fetch size: none
	Pool: DataSourceConnectionProvider
	Minimum pool size: undefined/unknown
	Maximum pool size: undefined/unknown
2026-03-21T00:16:42.426-06:00  INFO 9680 --- [back] [main] org.hibernate.orm.core                   : HHH000489: No JTA platform available (set 'hibernate.transaction.jta.platform' to enable JTA platform integration)
2026-03-21T00:16:42.522-06:00  INFO 9680 --- [back] [main] j.LocalContainerEntityManagerFactoryBean : Initialized JPA EntityManagerFactory for persistence unit 'default'
2026-03-21T00:16:42.641-06:00  INFO 9680 --- [back] [main] o.s.d.j.r.query.QueryEnhancerFactories   : Hibernate is in classpath; If applicable, HQL parser will be used.
2026-03-21T00:16:43.006-06:00  WARN 9680 --- [back] [main] JpaBaseConfiguration$JpaWebConfiguration : spring.jpa.open-in-view is enabled by default. Therefore, database queries may be performed during view rendering. Explicitly configure spring.jpa.open-in-view to disable this warning
2026-03-21T00:16:43.104-06:00  WARN 9680 --- [back] [main] .s.a.UserDetailsServiceAutoConfiguration : 

Using generated security password: c8d870e6-4fbe-4faf-bc05-116647003950

This generated password is for development use only. Your security configuration must be updated before running your application in production.

2026-03-21T00:16:43.117-06:00  INFO 9680 --- [back] [main] r$InitializeUserDetailsManagerConfigurer : Global AuthenticationManager configured with UserDetailsService bean with name inMemoryUserDetailsManager
2026-03-21T00:16:43.677-06:00  INFO 9680 --- [back] [main] o.s.boot.tomcat.TomcatWebServer          : Tomcat started on port 8080 (http) with context path '/'
2026-03-21T00:16:43.685-06:00  INFO 9680 --- [back] [main] com.pueblahealth.back.BackApplication    : Started BackApplication in 7.048 seconds (process running for 7.677)
2026-03-21T00:16:54.553-06:00  INFO 9680 --- [back] [http-nio-8080-exec-1] o.a.c.c.C.[Tomcat].[localhost].[/]       : Initializing Spring DispatcherServlet 'dispatcherServlet'
2026-03-21T00:16:54.553-06:00  INFO 9680 --- [back] [http-nio-8080-exec-1] o.s.web.servlet.DispatcherServlet        : Initializing Servlet 'dispatcherServlet'
2026-03-21T00:16:54.556-06:00  INFO 9680 --- [back] [http-nio-8080-exec-1] o.s.web.servlet.DispatcherServlet        : Completed initialization in 3 ms
2026-03-21T00:16:54.797-06:00  INFO 9680 --- [back] [http-nio-8080-exec-1] c.pueblahealth.back.service.AuthService  : [INFO]Intento de login para el usuario: cdgo345@gmail.com
2026-03-21T00:16:56.167-06:00  INFO 9680 --- [back] [http-nio-8080-exec-1] c.pueblahealth.back.service.AuthService  : [SUCCESS]Login exitoso del usuario: cdgo345@gmail.com
2026-03-21T00:29:13.468-06:00  INFO 9680 --- [back] [SpringApplicationShutdownHook] o.s.boot.tomcat.GracefulShutdown         : Commencing graceful shutdown. Waiting for active requests to complete
2026-03-21T00:29:13.504-06:00  INFO 9680 --- [back] [tomcat-shutdown] o.s.boot.tomcat.GracefulShutdown         : Graceful shutdown complete
2026-03-21T00:29:13.529-06:00  INFO 9680 --- [back] [SpringApplicationShutdownHook] j.LocalContainerEntityManagerFactoryBean : Closing JPA EntityManagerFactory for persistence unit 'default'
2026-03-21T00:29:13.561-06:00  INFO 9680 --- [back] [SpringApplicationShutdownHook] com.zaxxer.hikari.HikariDataSource       : HikariPool-1 - Shutdown initiated...
2026-03-21T00:29:13.580-06:00  INFO 9680 --- [back] [SpringApplicationShutdownHook] com.zaxxer.hikari.HikariDataSource       : HikariPool-1 - Shutdown completed.
2026-03-21T00:31:56.857-06:00  INFO 18336 --- [back] [main] com.pueblahealth.back.BackApplication    : Starting BackApplication using Java 24.0.1 with PID 18336 (C:\Users\vidit\Documents\utvco\ING\C8\SDA\PUEBLAHealth Tech\back\target\classes started by vidit in C:\Users\vidit\Documents\utvco\ING\C8\SDA\PUEBLAHealth Tech\back)
2026-03-21T00:31:56.860-06:00 DEBUG 18336 --- [back] [main] com.pueblahealth.back.BackApplication    : Running with Spring Boot v4.0.3, Spring v7.0.5
2026-03-21T00:31:56.861-06:00  INFO 18336 --- [back] [main] com.pueblahealth.back.BackApplication    : No active profile set, falling back to 1 default profile: "default"
2026-03-21T00:31:57.829-06:00  INFO 18336 --- [back] [main] .s.d.r.c.RepositoryConfigurationDelegate : Bootstrapping Spring Data JPA repositories in DEFAULT mode.
2026-03-21T00:31:57.919-06:00  INFO 18336 --- [back] [main] .s.d.r.c.RepositoryConfigurationDelegate : Finished Spring Data repository scanning in 77 ms. Found 3 JPA repository interfaces.
2026-03-21T00:31:58.697-06:00  INFO 18336 --- [back] [main] o.s.boot.tomcat.TomcatWebServer          : Tomcat initialized with port 8080 (http)
2026-03-21T00:31:58.711-06:00  INFO 18336 --- [back] [main] o.apache.catalina.core.StandardService   : Starting service [Tomcat]
2026-03-21T00:31:58.711-06:00  INFO 18336 --- [back] [main] o.apache.catalina.core.StandardEngine    : Starting Servlet engine: [Apache Tomcat/11.0.18]
2026-03-21T00:31:58.771-06:00  INFO 18336 --- [back] [main] b.w.c.s.WebApplicationContextInitializer : Root WebApplicationContext: initialization completed in 1848 ms
2026-03-21T00:31:59.041-06:00  INFO 18336 --- [back] [main] org.hibernate.orm.jpa                    : HHH008540: Processing PersistenceUnitInfo [name: default]
2026-03-21T00:31:59.120-06:00  INFO 18336 --- [back] [main] org.hibernate.orm.core                   : HHH000001: Hibernate ORM core version 7.2.4.Final
2026-03-21T00:31:59.794-06:00  INFO 18336 --- [back] [main] o.s.o.j.p.SpringPersistenceUnitInfo      : No LoadTimeWeaver setup: ignoring JPA class transformer
2026-03-21T00:31:59.836-06:00  INFO 18336 --- [back] [main] com.zaxxer.hikari.HikariDataSource       : HikariPool-1 - Starting...
2026-03-21T00:32:00.295-06:00  INFO 18336 --- [back] [main] com.zaxxer.hikari.pool.HikariPool        : HikariPool-1 - Added connection com.mysql.cj.jdbc.ConnectionImpl@6d6712b7
2026-03-21T00:32:00.297-06:00  INFO 18336 --- [back] [main] com.zaxxer.hikari.HikariDataSource       : HikariPool-1 - Start completed.
2026-03-21T00:32:00.396-06:00  INFO 18336 --- [back] [main] org.hibernate.orm.connections.pooling    : HHH10001005: Database info:
	Database JDBC URL [jdbc:mysql://127.0.0.1:3307/pueblahealth]
	Database driver: MySQL Connector/J
	Database dialect: MySQLDialect
	Database version: 8.4
	Default catalog/schema: pueblahealth/undefined
	Autocommit mode: undefined/unknown
	Isolation level: REPEATABLE_READ [default REPEATABLE_READ]
	JDBC fetch size: none
	Pool: DataSourceConnectionProvider
	Minimum pool size: undefined/unknown
	Maximum pool size: undefined/unknown
2026-03-21T00:32:01.324-06:00  INFO 18336 --- [back] [main] org.hibernate.orm.core                   : HHH000489: No JTA platform available (set 'hibernate.transaction.jta.platform' to enable JTA platform integration)
2026-03-21T00:32:01.392-06:00  INFO 18336 --- [back] [main] j.LocalContainerEntityManagerFactoryBean : Initialized JPA EntityManagerFactory for persistence unit 'default'
2026-03-21T00:32:01.495-06:00  INFO 18336 --- [back] [main] o.s.d.j.r.query.QueryEnhancerFactories   : Hibernate is in classpath; If applicable, HQL parser will be used.
2026-03-21T00:32:01.847-06:00  WARN 18336 --- [back] [main] JpaBaseConfiguration$JpaWebConfiguration : spring.jpa.open-in-view is enabled by default. Therefore, database queries may be performed during view rendering. Explicitly configure spring.jpa.open-in-view to disable this warning
2026-03-21T00:32:01.969-06:00  WARN 18336 --- [back] [main] .s.a.UserDetailsServiceAutoConfiguration : 

Using generated security password: 0a667f55-a4d4-4221-88e8-72b40db19c24

This generated password is for development use only. Your security configuration must be updated before running your application in production.

2026-03-21T00:32:01.980-06:00  INFO 18336 --- [back] [main] r$InitializeUserDetailsManagerConfigurer : Global AuthenticationManager configured with UserDetailsService bean with name inMemoryUserDetailsManager
2026-03-21T00:32:02.508-06:00  INFO 18336 --- [back] [main] o.s.boot.tomcat.TomcatWebServer          : Tomcat started on port 8080 (http) with context path '/'
2026-03-21T00:32:02.513-06:00  INFO 18336 --- [back] [main] com.pueblahealth.back.BackApplication    : Started BackApplication in 6.325 seconds (process running for 6.931)
2026-03-21T00:32:08.485-06:00  INFO 18336 --- [back] [http-nio-8080-exec-1] o.a.c.c.C.[Tomcat].[localhost].[/]       : Initializing Spring DispatcherServlet 'dispatcherServlet'
2026-03-21T00:32:08.485-06:00  INFO 18336 --- [back] [http-nio-8080-exec-1] o.s.web.servlet.DispatcherServlet        : Initializing Servlet 'dispatcherServlet'
2026-03-21T00:32:08.487-06:00  INFO 18336 --- [back] [http-nio-8080-exec-1] o.s.web.servlet.DispatcherServlet        : Completed initialization in 2 ms
2026-03-21T00:35:16.737-06:00  INFO 18336 --- [back] [SpringApplicationShutdownHook] o.s.boot.tomcat.GracefulShutdown         : Commencing graceful shutdown. Waiting for active requests to complete
2026-03-21T00:35:16.748-06:00  INFO 18336 --- [back] [tomcat-shutdown] o.s.boot.tomcat.GracefulShutdown         : Graceful shutdown complete
2026-03-21T00:35:16.758-06:00  INFO 18336 --- [back] [SpringApplicationShutdownHook] j.LocalContainerEntityManagerFactoryBean : Closing JPA EntityManagerFactory for persistence unit 'default'
2026-03-21T00:35:16.776-06:00  INFO 18336 --- [back] [SpringApplicationShutdownHook] com.zaxxer.hikari.HikariDataSource       : HikariPool-1 - Shutdown initiated...
2026-03-21T00:35:16.790-06:00  INFO 18336 --- [back] [SpringApplicationShutdownHook] com.zaxxer.hikari.HikariDataSource       : HikariPool-1 - Shutdown completed.
2026-03-21T00:35:21.581-06:00  INFO 9816 --- [back] [main] com.pueblahealth.back.BackApplication    : Starting BackApplication using Java 24.0.1 with PID 9816 (C:\Users\vidit\Documents\utvco\ING\C8\SDA\PUEBLAHealth Tech\back\target\classes started by vidit in C:\Users\vidit\Documents\utvco\ING\C8\SDA\PUEBLAHealth Tech\back)
2026-03-21T00:35:21.586-06:00 DEBUG 9816 --- [back] [main] com.pueblahealth.back.BackApplication    : Running with Spring Boot v4.0.3, Spring v7.0.5
2026-03-21T00:35:21.587-06:00  INFO 9816 --- [back] [main] com.pueblahealth.back.BackApplication    : No active profile set, falling back to 1 default profile: "default"
2026-03-21T00:35:22.711-06:00  INFO 9816 --- [back] [main] .s.d.r.c.RepositoryConfigurationDelegate : Bootstrapping Spring Data JPA repositories in DEFAULT mode.
2026-03-21T00:35:22.812-06:00  INFO 9816 --- [back] [main] .s.d.r.c.RepositoryConfigurationDelegate : Finished Spring Data repository scanning in 86 ms. Found 3 JPA repository interfaces.
2026-03-21T00:35:23.847-06:00  INFO 9816 --- [back] [main] o.s.boot.tomcat.TomcatWebServer          : Tomcat initialized with port 8080 (http)
2026-03-21T00:35:23.887-06:00  INFO 9816 --- [back] [main] o.apache.catalina.core.StandardService   : Starting service [Tomcat]
2026-03-21T00:35:23.888-06:00  INFO 9816 --- [back] [main] o.apache.catalina.core.StandardEngine    : Starting Servlet engine: [Apache Tomcat/11.0.18]
2026-03-21T00:35:23.962-06:00  INFO 9816 --- [back] [main] b.w.c.s.WebApplicationContextInitializer : Root WebApplicationContext: initialization completed in 2303 ms
2026-03-21T00:35:24.217-06:00  INFO 9816 --- [back] [main] org.hibernate.orm.jpa                    : HHH008540: Processing PersistenceUnitInfo [name: default]
2026-03-21T00:35:24.312-06:00  INFO 9816 --- [back] [main] org.hibernate.orm.core                   : HHH000001: Hibernate ORM core version 7.2.4.Final
2026-03-21T00:35:24.930-06:00  INFO 9816 --- [back] [main] o.s.o.j.p.SpringPersistenceUnitInfo      : No LoadTimeWeaver setup: ignoring JPA class transformer
2026-03-21T00:35:24.975-06:00  INFO 9816 --- [back] [main] com.zaxxer.hikari.HikariDataSource       : HikariPool-1 - Starting...
2026-03-21T00:35:25.432-06:00  INFO 9816 --- [back] [main] com.zaxxer.hikari.pool.HikariPool        : HikariPool-1 - Added connection com.mysql.cj.jdbc.ConnectionImpl@44d84313
2026-03-21T00:35:25.433-06:00  INFO 9816 --- [back] [main] com.zaxxer.hikari.HikariDataSource       : HikariPool-1 - Start completed.
2026-03-21T00:35:25.535-06:00  INFO 9816 --- [back] [main] org.hibernate.orm.connections.pooling    : HHH10001005: Database info:
	Database JDBC URL [jdbc:mysql://127.0.0.1:3307/pueblahealth]
	Database driver: MySQL Connector/J
	Database dialect: MySQLDialect
	Database version: 8.4
	Default catalog/schema: pueblahealth/undefined
	Autocommit mode: undefined/unknown
	Isolation level: REPEATABLE_READ [default REPEATABLE_READ]
	JDBC fetch size: none
	Pool: DataSourceConnectionProvider
	Minimum pool size: undefined/unknown
	Maximum pool size: undefined/unknown
2026-03-21T00:35:26.538-06:00  INFO 9816 --- [back] [main] org.hibernate.orm.core                   : HHH000489: No JTA platform available (set 'hibernate.transaction.jta.platform' to enable JTA platform integration)
2026-03-21T00:35:26.611-06:00  INFO 9816 --- [back] [main] j.LocalContainerEntityManagerFactoryBean : Initialized JPA EntityManagerFactory for persistence unit 'default'
2026-03-21T00:35:26.722-06:00  INFO 9816 --- [back] [main] o.s.d.j.r.query.QueryEnhancerFactories   : Hibernate is in classpath; If applicable, HQL parser will be used.
2026-03-21T00:35:27.036-06:00  WARN 9816 --- [back] [main] JpaBaseConfiguration$JpaWebConfiguration : spring.jpa.open-in-view is enabled by default. Therefore, database queries may be performed during view rendering. Explicitly configure spring.jpa.open-in-view to disable this warning
2026-03-21T00:35:27.135-06:00  WARN 9816 --- [back] [main] .s.a.UserDetailsServiceAutoConfiguration : 

Using generated security password: 999cd2ca-a224-48e4-b723-ad3a5571960f

This generated password is for development use only. Your security configuration must be updated before running your application in production.

2026-03-21T00:35:27.145-06:00  INFO 9816 --- [back] [main] r$InitializeUserDetailsManagerConfigurer : Global AuthenticationManager configured with UserDetailsService bean with name inMemoryUserDetailsManager
2026-03-21T00:35:27.727-06:00  INFO 9816 --- [back] [main] o.s.boot.tomcat.TomcatWebServer          : Tomcat started on port 8080 (http) with context path '/'
2026-03-21T00:35:27.738-06:00  INFO 9816 --- [back] [main] com.pueblahealth.back.BackApplication    : Started BackApplication in 6.844 seconds (process running for 7.592)
2026-03-21T00:36:01.654-06:00  INFO 9816 --- [back] [http-nio-8080-exec-2] o.a.c.c.C.[Tomcat].[localhost].[/]       : Initializing Spring DispatcherServlet 'dispatcherServlet'
2026-03-21T00:36:01.656-06:00  INFO 9816 --- [back] [http-nio-8080-exec-2] o.s.web.servlet.DispatcherServlet        : Initializing Servlet 'dispatcherServlet'
2026-03-21T00:36:01.660-06:00  INFO 9816 --- [back] [http-nio-8080-exec-2] o.s.web.servlet.DispatcherServlet        : Completed initialization in 3 ms
2026-03-21T00:36:01.710-06:00  WARN 9816 --- [back] [http-nio-8080-exec-2] .w.s.m.s.DefaultHandlerExceptionResolver : Resolved [org.springframework.web.HttpRequestMethodNotSupportedException: Request method 'POST' is not supported]
2026-03-21T00:36:09.988-06:00  WARN 9816 --- [back] [http-nio-8080-exec-4] .w.s.m.s.DefaultHandlerExceptionResolver : Resolved [org.springframework.web.HttpRequestMethodNotSupportedException: Request method 'POST' is not supported]
2026-03-21T00:37:07.928-06:00  INFO 9816 --- [back] [SpringApplicationShutdownHook] o.s.boot.tomcat.GracefulShutdown         : Commencing graceful shutdown. Waiting for active requests to complete
2026-03-21T00:37:07.937-06:00  INFO 9816 --- [back] [tomcat-shutdown] o.s.boot.tomcat.GracefulShutdown         : Graceful shutdown complete
2026-03-21T00:37:07.942-06:00  INFO 9816 --- [back] [SpringApplicationShutdownHook] j.LocalContainerEntityManagerFactoryBean : Closing JPA EntityManagerFactory for persistence unit 'default'
2026-03-21T00:37:07.944-06:00  INFO 9816 --- [back] [SpringApplicationShutdownHook] com.zaxxer.hikari.HikariDataSource       : HikariPool-1 - Shutdown initiated...
2026-03-21T00:37:07.955-06:00  INFO 9816 --- [back] [SpringApplicationShutdownHook] com.zaxxer.hikari.HikariDataSource       : HikariPool-1 - Shutdown completed.
